main.c:57:6:Start	16	static
main.c:81:6:linetrack	16	static
main.c:130:5:Stop	8	static
main.c:149:6:Turn	8	static
main.c:174:7:ultrasonic	16	static
main.c:195:6:checkrange	24	static
main.c:217:5:main	8	static
main.c:276:6:SystemClock_Config	88	static
main.c:320:13:MX_TIM3_Init	64	static
main.c:380:13:MX_TIM4_Init	64	static
main.c:436:13:MX_USART2_UART_Init	8	static
main.c:466:13:MX_USART6_UART_Init	8	static
main.c:499:13:MX_GPIO_Init	48	static
main.c:540:6:usDelay	16	static
main.c:556:6:Error_Handler	4	static
