main.c:85:6:MotorBegin	16	static
main.c:147:7:UltrasonicRange	16	static
main.c:170:6:Turn	8	static
main.c:182:7:LeftBackUltraRange	16	static
main.c:198:7:RightBackUltraRange	16	static
main.c:214:6:Park	8	static
main.c:228:6:HAL_GPIO_EXTI_Callback	16	static
main.c:242:5:main	8	static
main.c:301:6:SystemClock_Config	88	static
main.c:345:13:MX_TIM3_Init	64	static
main.c:404:13:MX_TIM4_Init	32	static
main.c:449:13:MX_USART2_UART_Init	8	static
main.c:482:13:MX_GPIO_Init	48	static
main.c:550:6:usDelay	16	static
main.c:566:6:Error_Handler	4	static
